src/App.tsx(1,8): error TS1259: Module '"D:/lab/vscworkplace/fractal/node_modules/@types/react/index"' can only be default-imported using the 'esModuleInterop' flag
src/App.tsx(419,5): error TS17004: Cannot use JSX unless the '--jsx' flag is provided.
src/App.tsx(421,7): error TS17004: Cannot use JSX unless the '--jsx' flag is provided.
src/App.tsx(422,9): error TS17004: Cannot use JSX unless the '--jsx' flag is provided.
src/App.tsx(423,11): error TS17004: Cannot use JSX unless the '--jsx' flag is provided.
src/App.tsx(424,11): error TS17004: Cannot use JSX unless the '--jsx' flag is provided.
src/App.tsx(427,9): error TS17004: Cannot use JSX unless the '--jsx' flag is provided.
src/App.tsx(428,11): error TS17004: Cannot use JSX unless the '--jsx' flag is provided.
src/App.tsx(429,13): error TS17004: Cannot use JSX unless the '--jsx' flag is provided.
src/App.tsx(430,13): error TS17004: Cannot use JSX unless the '--jsx' flag is provided.
src/App.tsx(431,13): error TS17004: Cannot use JSX unless the '--jsx' flag is provided.
src/App.tsx(433,11): error TS17004: Cannot use JSX unless the '--jsx' flag is provided.
src/App.tsx(434,13): error TS17004: Cannot use JSX unless the '--jsx' flag is provided.
src/App.tsx(435,13): error TS17004: Cannot use JSX unless the '--jsx' flag is provided.
src/App.tsx(436,13): error TS17004: Cannot use JSX unless the '--jsx' flag is provided.
src/App.tsx(440,9): error TS17004: Cannot use JSX unless the '--jsx' flag is provided.
src/App.tsx(441,11): error TS17004: Cannot use JSX unless the '--jsx' flag is provided.
src/App.tsx(442,11): error TS17004: Cannot use JSX unless the '--jsx' flag is provided.
src/App.tsx(443,11): error TS17004: Cannot use JSX unless the '--jsx' flag is provided.
src/App.tsx(444,11): error TS17004: Cannot use JSX unless the '--jsx' flag is provided.
src/App.tsx(445,11): error TS17004: Cannot use JSX unless the '--jsx' flag is provided.
src/App.tsx(446,11): error TS17004: Cannot use JSX unless the '--jsx' flag is provided.
src/App.tsx(447,11): error TS17004: Cannot use JSX unless the '--jsx' flag is provided.
src/App.tsx(450,9): error TS17004: Cannot use JSX unless the '--jsx' flag is provided.
src/App.tsx(451,11): error TS17004: Cannot use JSX unless the '--jsx' flag is provided.
src/App.tsx(452,13): error TS17004: Cannot use JSX unless the '--jsx' flag is provided.
src/App.tsx(453,13): error TS17004: Cannot use JSX unless the '--jsx' flag is provided.
src/App.tsx(453,45): error TS17004: Cannot use JSX unless the '--jsx' flag is provided.
src/App.tsx(453,69): error TS17004: Cannot use JSX unless the '--jsx' flag is provided.
src/App.tsx(453,105): error TS17004: Cannot use JSX unless the '--jsx' flag is provided.
src/App.tsx(453,110): error TS17004: Cannot use JSX unless the '--jsx' flag is provided.
src/App.tsx(455,11): error TS17004: Cannot use JSX unless the '--jsx' flag is provided.
src/App.tsx(456,13): error TS17004: Cannot use JSX unless the '--jsx' flag is provided.
src/App.tsx(457,13): error TS17004: Cannot use JSX unless the '--jsx' flag is provided.
src/App.tsx(457,37): error TS17004: Cannot use JSX unless the '--jsx' flag is provided.
src/App.tsx(457,62): error TS17004: Cannot use JSX unless the '--jsx' flag is provided.
src/App.tsx(459,11): error TS17004: Cannot use JSX unless the '--jsx' flag is provided.
src/App.tsx(460,13): error TS17004: Cannot use JSX unless the '--jsx' flag is provided.
src/App.tsx(461,13): error TS17004: Cannot use JSX unless the '--jsx' flag is provided.
src/App.tsx(461,37): error TS17004: Cannot use JSX unless the '--jsx' flag is provided.
src/App.tsx(461,64): error TS17004: Cannot use JSX unless the '--jsx' flag is provided.
src/App.tsx(461,84): error TS17004: Cannot use JSX unless the '--jsx' flag is provided.
src/App.tsx(463,11): error TS17004: Cannot use JSX unless the '--jsx' flag is provided.
src/App.tsx(464,13): error TS17004: Cannot use JSX unless the '--jsx' flag is provided.
src/App.tsx(465,13): error TS17004: Cannot use JSX unless the '--jsx' flag is provided.
src/App.tsx(465,39): error TS17004: Cannot use JSX unless the '--jsx' flag is provided.
src/App.tsx(470,7): error TS17004: Cannot use JSX unless the '--jsx' flag is provided.
src/App.tsx(471,9): error TS17004: Cannot use JSX unless the '--jsx' flag is provided.
src/App.tsx(473,11): error TS17004: Cannot use JSX unless the '--jsx' flag is provided.
src/App.tsx(474,13): error TS17004: Cannot use JSX unless the '--jsx' flag is provided.
src/App.tsx(475,15): error TS17004: Cannot use JSX unless the '--jsx' flag is provided.
src/App.tsx(475,45): error TS17004: Cannot use JSX unless the '--jsx' flag is provided.
src/App.tsx(476,15): error TS17004: Cannot use JSX unless the '--jsx' flag is provided.
src/App.tsx(478,13): error TS17004: Cannot use JSX unless the '--jsx' flag is provided.
src/App.tsx(479,15): error TS17004: Cannot use JSX unless the '--jsx' flag is provided.
src/App.tsx(480,15): error TS17004: Cannot use JSX unless the '--jsx' flag is provided.
src/App.tsx(481,15): error TS17004: Cannot use JSX unless the '--jsx' flag is provided.
src/App.tsx(482,15): error TS17004: Cannot use JSX unless the '--jsx' flag is provided.
src/App.tsx(482,69): error TS17004: Cannot use JSX unless the '--jsx' flag is provided.
src/App.tsx(482,99): error TS17004: Cannot use JSX unless the '--jsx' flag is provided.
src/App.tsx(486,11): error TS17004: Cannot use JSX unless the '--jsx' flag is provided.
src/App.tsx(487,13): error TS17004: Cannot use JSX unless the '--jsx' flag is provided.
src/App.tsx(488,15): error TS17004: Cannot use JSX unless the '--jsx' flag is provided.
src/App.tsx(488,45): error TS17004: Cannot use JSX unless the '--jsx' flag is provided.
src/App.tsx(489,15): error TS17004: Cannot use JSX unless the '--jsx' flag is provided.
src/App.tsx(491,13): error TS17004: Cannot use JSX unless the '--jsx' flag is provided.
src/App.tsx(492,15): error TS17004: Cannot use JSX unless the '--jsx' flag is provided.
src/App.tsx(493,15): error TS17004: Cannot use JSX unless the '--jsx' flag is provided.
src/App.tsx(494,15): error TS17004: Cannot use JSX unless the '--jsx' flag is provided.
src/App.tsx(495,15): error TS17004: Cannot use JSX unless the '--jsx' flag is provided.
src/App.tsx(495,69): error TS17004: Cannot use JSX unless the '--jsx' flag is provided.
src/App.tsx(495,99): error TS17004: Cannot use JSX unless the '--jsx' flag is provided.
src/App.tsx(499,11): error TS17004: Cannot use JSX unless the '--jsx' flag is provided.
src/App.tsx(500,13): error TS17004: Cannot use JSX unless the '--jsx' flag is provided.
src/App.tsx(501,15): error TS17004: Cannot use JSX unless the '--jsx' flag is provided.
src/App.tsx(501,45): error TS17004: Cannot use JSX unless the '--jsx' flag is provided.
src/App.tsx(502,15): error TS17004: Cannot use JSX unless the '--jsx' flag is provided.
src/App.tsx(504,13): error TS17004: Cannot use JSX unless the '--jsx' flag is provided.
src/App.tsx(505,15): error TS17004: Cannot use JSX unless the '--jsx' flag is provided.
src/App.tsx(506,15): error TS17004: Cannot use JSX unless the '--jsx' flag is provided.
src/App.tsx(507,15): error TS17004: Cannot use JSX unless the '--jsx' flag is provided.
src/App.tsx(508,15): error TS17004: Cannot use JSX unless the '--jsx' flag is provided.
src/App.tsx(508,69): error TS17004: Cannot use JSX unless the '--jsx' flag is provided.
src/App.tsx(508,99): error TS17004: Cannot use JSX unless the '--jsx' flag is provided.
src/App.tsx(512,11): error TS17004: Cannot use JSX unless the '--jsx' flag is provided.
src/App.tsx(513,13): error TS17004: Cannot use JSX unless the '--jsx' flag is provided.
src/App.tsx(514,15): error TS17004: Cannot use JSX unless the '--jsx' flag is provided.
src/App.tsx(514,45): error TS17004: Cannot use JSX unless the '--jsx' flag is provided.
src/App.tsx(515,15): error TS17004: Cannot use JSX unless the '--jsx' flag is provided.
src/App.tsx(517,13): error TS17004: Cannot use JSX unless the '--jsx' flag is provided.
src/App.tsx(518,15): error TS17004: Cannot use JSX unless the '--jsx' flag is provided.
src/App.tsx(519,15): error TS17004: Cannot use JSX unless the '--jsx' flag is provided.
src/App.tsx(520,15): error TS17004: Cannot use JSX unless the '--jsx' flag is provided.
src/App.tsx(520,69): error TS17004: Cannot use JSX unless the '--jsx' flag is provided.
src/App.tsx(520,99): error TS17004: Cannot use JSX unless the '--jsx' flag is provided.
